total data rows in file: 148157
  rows with size=36: 124936
  rows with size=37: 20254
  rows with size=38: 2670
  rows with size=39: 274
  rows with size=40: 21
  rows with size=41: 1
  rows with size=42: 1

--- size=36 sample (file line 5) ---
mask = 0x00fffffffff = 68719476735 (binary popcount check follows)
popcount(mask) = 36, stated size = 36 -> OK
sum(members) mod 43 = 21, stated total = 21 -> OK
ordering length = 36 (expected 36), ordering as a set == members set -> True -> OK
partial-sum walk (0..42, s_0=0 excluded from the count) -> OK, all partial sums nonzero/distinct (final-zero rule applied correctly)

--- size=39 sample (file line 143736) ---
mask = 0x1efdfffffff = 2129766907903 (binary popcount check follows)
popcount(mask) = 39, stated size = 39 -> OK
sum(members) mod 43 = 20, stated total = 20 -> OK
ordering length = 39 (expected 39), ordering as a set == members set -> True -> OK
partial-sum walk (0..42, s_0=0 excluded from the count) -> OK, all partial sums nonzero/distinct (final-zero rule applied correctly)

--- size=42 (the FULL set, unique) (file line 148161) ---
mask = 0x3ffffffffff = 4398046511103 (binary popcount check follows)
popcount(mask) = 42, stated size = 42 -> OK
sum(members) mod 43 = 0, stated total = 0 -> OK
ordering length = 42 (expected 42), ordering as a set == members set -> True -> OK
partial-sum walk (0..42, s_0=0 excluded from the count) -> OK, all partial sums nonzero/distinct (final-zero rule applied correctly)

all sampled rows independently verified OK: True

independent sum(C(42,k) for k in 36..42) = 6220768
independent per-size C(42,k): {36: 5245786, 37: 850668, 38: 111930, 39: 11480, 40: 861, 41: 42, 42: 1}
compared against claimed total 6220768: MATCH

FINAL: PASS
