orbit-sieve size=40 raw=9366819 reps=203665
orbit-sieve size=41 raw=1370754 reps=29799
orbit-sieve size=42 raw=163185 reps=3553
orbit-sieve size=43 raw=15180 reps=330
orbit-sieve size=44 raw=1035 reps=23
orbit-sieve size=45 raw=46 reps=1
orbit-sieve size=46 raw=1 reps=1
search 1000/237372
search 2000/237372
search 3000/237372
search 4000/237372
search 5000/237372
search 6000/237372
search 7000/237372
search 8000/237372
search 9000/237372
search 10000/237372
search 11000/237372
search 12000/237372
search 13000/237372
search 14000/237372
search 15000/237372
search 16000/237372
search 17000/237372
search 18000/237372
search 19000/237372
search 20000/237372
search 21000/237372
search 22000/237372
search 23000/237372
search 24000/237372
search 25000/237372
search 26000/237372
search 27000/237372
search 28000/237372
search 29000/237372
search 30000/237372
search 31000/237372
search 32000/237372
search 33000/237372
search 34000/237372
search 35000/237372
search 36000/237372
search 37000/237372
search 38000/237372
search 39000/237372
search 40000/237372
search 41000/237372
search 42000/237372
search 43000/237372
search 44000/237372
search 45000/237372
search 46000/237372
search 47000/237372
search 48000/237372
search 49000/237372
search 50000/237372
search 51000/237372
search 52000/237372
search 53000/237372
search 54000/237372
search 55000/237372
search 56000/237372
search 57000/237372
search 58000/237372
search 59000/237372
search 60000/237372
search 61000/237372
search 62000/237372
search 63000/237372
search 64000/237372
search 65000/237372
search 66000/237372
search 67000/237372
search 68000/237372
search 69000/237372
search 70000/237372
search 71000/237372
search 72000/237372
search 73000/237372
search 74000/237372
search 75000/237372
search 76000/237372
search 77000/237372
search 78000/237372
search 79000/237372
search 80000/237372
search 81000/237372
search 82000/237372
search 83000/237372
search 84000/237372
search 85000/237372
search 86000/237372
search 87000/237372
search 88000/237372
search 89000/237372
search 90000/237372
search 91000/237372
search 92000/237372
search 93000/237372
search 94000/237372
search 95000/237372
search 96000/237372
search 97000/237372
search 98000/237372
search 99000/237372
search 100000/237372
search 101000/237372
search 102000/237372
search 103000/237372
search 104000/237372
search 105000/237372
search 106000/237372
search 107000/237372
search 108000/237372
search 109000/237372
search 110000/237372
search 111000/237372
search 112000/237372
search 113000/237372
search 114000/237372
search 115000/237372
search 116000/237372
search 117000/237372
search 118000/237372
search 119000/237372
search 120000/237372
search 121000/237372
search 122000/237372
search 123000/237372
search 124000/237372
search 125000/237372
search 126000/237372
search 127000/237372
search 128000/237372
search 129000/237372
search 130000/237372
search 131000/237372
search 132000/237372
search 133000/237372
search 134000/237372
search 135000/237372
search 136000/237372
search 137000/237372
search 138000/237372
search 139000/237372
search 140000/237372
search 141000/237372
search 142000/237372
search 143000/237372
search 144000/237372
search 145000/237372
search 146000/237372
search 147000/237372
search 148000/237372
search 149000/237372
search 150000/237372
search 151000/237372
search 152000/237372
search 153000/237372
search 154000/237372
search 155000/237372
search 156000/237372
search 157000/237372
search 158000/237372
search 159000/237372
search 160000/237372
search 161000/237372
search 162000/237372
search 163000/237372
search 164000/237372
search 165000/237372
search 166000/237372
search 167000/237372
search 168000/237372
search 169000/237372
search 170000/237372
search 171000/237372
search 172000/237372
search 173000/237372
search 174000/237372
search 175000/237372
search 176000/237372
search 177000/237372
search 178000/237372
search 179000/237372
search 180000/237372
search 181000/237372
search 182000/237372
search 183000/237372
search 184000/237372
search 185000/237372
search 186000/237372
search 187000/237372
search 188000/237372
search 189000/237372
search 190000/237372
search 191000/237372
search 192000/237372
search 193000/237372
search 194000/237372
search 195000/237372
search 196000/237372
search 197000/237372
search 198000/237372
search 199000/237372
search 200000/237372
search 201000/237372
search 202000/237372
search 203000/237372
search 204000/237372
search 205000/237372
search 206000/237372
search 207000/237372
search 208000/237372
search 209000/237372
search 210000/237372
search 211000/237372
search 212000/237372
search 213000/237372
search 214000/237372
search 215000/237372
search 216000/237372
search 217000/237372
search 218000/237372
search 219000/237372
search 220000/237372
search 221000/237372
search 222000/237372
search 223000/237372
search 224000/237372
search 225000/237372
search 226000/237372
search 227000/237372
search 228000/237372
search 229000/237372
search 230000/237372
search 231000/237372
search 232000/237372
search 233000/237372
search 234000/237372
search 235000/237372
search 236000/237372
search 237000/237372
search 237372/237372
{
  "status": "WITNESSES_COMPLETE",
  "prime": 47,
  "minimumSize": 40,
  "maximumSize": 46,
  "rawSubsets": 10917020,
  "orbitRepresentatives": 237372,
  "threads": 24,
  "greedyTrials": 656684799,
  "greedyNodes": 22290943578,
  "annealRestarts": 242493,
  "annealSteps": 7103238359,
  "elapsedMs": 3532443,
  "certificatePath": "/mnt/c/Users/jared/Local Sites/woocommerce-enterprise/erdosfire/evidence/round4-discovery/graham-z47/witnesses.tsv",
  "rawBySize": {"40":9366819,"41":1370754,"42":163185,"43":15180,"44":1035,"45":46,"46":1},
  "representativesBySize": {"40":203665,"41":29799,"42":3553,"43":330,"44":23,"45":1,"46":1}
}
